// Jest Snapshot v1, https://goo.gl/fbAQLP

exports[`categories config getSeo() should match snapshot 1`] = `
Object {
  "description": "These checks ensure that your page is optimized for search engine results ranking. There are additional factors Binoculars does not check that may affect your search ranking. [Learn more](https://support.google.com/webmasters/answer/35769).",
  "title": "SEO",
}
`;
