// Jest Snapshot v1, https://goo.gl/fbAQLP

exports[`aria-valid-attr-value audit should match snapshot 1`] = `
Object {
  "description": "Assistive technologies, like screen readers, can't interpret ARIA attributes with invalid values. [Learn more](https://web.dev/aria-valid-attr-value/).",
  "title": "\`[aria-*]\` attributes have valid values",
}
`;
