// Jest Snapshot v1, https://goo.gl/fbAQLP

exports[`font-size audit should match snapshot 1`] = `
Object {
  "description": "Font sizes less than 12px are too small to be legible and require mobile visitors to “pinch to zoom” in order to read. Strive to have >60% of page text ≥12px. [Learn more](https://web.dev/font-size/).",
  "title": "Document uses legible font sizes",
}
`;
