// Jest Snapshot v1, https://goo.gl/fbAQLP

exports[`html-has-lang audit should match snapshot 1`] = `
Object {
  "description": "If a page doesn't specify a lang attribute, a screen reader assumes that the page is in the default language that the user chose when setting up the screen reader. If the page isn't actually in the default language, then the screen reader might not announce the page's text correctly. [Learn more](https://web.dev/html-has-lang/).",
  "title": "\`<html>\` element has a \`[lang]\` attribute",
}
`;
