// Jest Snapshot v1, https://goo.gl/fbAQLP

exports[`layout-table audit should match snapshot 1`] = `
Object {
  "description": "A table being used for layout purposes should not include data elements, such as the th or caption elements or the summary attribute, because this can create a confusing experience for screen reader users. [Learn more](https://web.dev/layout-table/).",
  "title": "Presentational \`<table>\` elements avoid using \`<th>\`, \`<caption>\` or the \`[summary]\` attribute.",
}
`;
