// Jest Snapshot v1, https://goo.gl/fbAQLP

exports[`link-name audit should match snapshot 1`] = `
Object {
  "description": "Link text (and alternate text for images, when used as links) that is discernible, unique, and focusable improves the navigation experience for screen reader users. [Learn more](https://web.dev/link-name/).",
  "title": "Links have a discernible name",
}
`;
