// Jest Snapshot v1, https://goo.gl/fbAQLP

exports[`list audit should match snapshot 1`] = `
Object {
  "description": "Screen readers have a specific way of announcing lists. Ensuring proper list structure aids screen reader output. [Learn more](https://web.dev/list/).",
  "title": "Lists contain only \`<li>\` elements and script supporting elements (\`<script>\` and \`<template>\`).",
}
`;
