// Jest Snapshot v1, https://goo.gl/fbAQLP

exports[`meta-refresh audit should match snapshot 1`] = `
Object {
  "description": "Users do not expect a page to refresh automatically, and doing so will move focus back to the top of the page. This may create a frustrating or confusing experience. [Learn more](https://web.dev/meta-refresh/).",
  "title": "The document does not use \`<meta http-equiv=\\"refresh\\">\`",
}
`;
