// Jest Snapshot v1, https://goo.gl/fbAQLP

exports[`robots-txt audit should match snapshot 1`] = `
Object {
  "description": "If your robots.txt file is malformed, crawlers may not be able to understand how you want your website to be crawled or indexed. [Learn more](https://web.dev/robots-txt/).",
  "title": "robots.txt is valid",
}
`;
