// Jest Snapshot v1, https://goo.gl/fbAQLP

exports[`structured-data audit should match snapshot 1`] = `
Object {
  "description": "Run the [Structured Data Testing Tool](https://search.google.com/structured-data/testing-tool/) and the [Structured Data Linter](http://linter.structured-data.org/) to validate structured data. [Learn more](https://web.dev/structured-data/).",
  "title": "Structured data is valid",
}
`;
