// Jest Snapshot v1, https://goo.gl/fbAQLP

exports[`tap-targets audit should match snapshot 1`] = `
Object {
  "description": "Interactive elements like buttons and links should be large enough (48x48px), and have enough space around them, to be easy enough to tap without overlapping onto other elements. [Learn more](https://web.dev/tap-targets/).",
  "title": "Tap targets are sized appropriately",
}
`;
