// Jest Snapshot v1, https://goo.gl/fbAQLP

exports[`td-headers-attr audit should match snapshot 1`] = `
Object {
  "description": "Screen readers have features to make navigating tables easier. Ensuring \`<td>\` cells using the \`[headers]\` attribute only refer to other cells in the same table may improve the experience for screen reader users. [Learn more](https://web.dev/td-headers-attr/).",
  "title": "Cells in a \`<table>\` element that use the \`[headers]\` attribute refer to table cells within the same table.",
}
`;
