// Jest Snapshot v1, https://goo.gl/fbAQLP

exports[`valid-lang audit should match snapshot 1`] = `
Object {
  "description": "Specifying a valid [BCP 47 language](https://www.w3.org/International/questions/qa-choosing-language-tags#question) on elements helps ensure that text is pronounced correctly by a screen reader. [Learn more](https://web.dev/valid-lang/).",
  "title": "\`[lang]\` attributes have a valid value",
}
`;
