// Jest Snapshot v1, https://goo.gl/fbAQLP

exports[`video-caption audit should match snapshot 1`] = `
Object {
  "description": "When a video provides a caption it is easier for deaf and hearing impaired users to access its information. [Learn more](https://web.dev/video-caption/).",
  "title": "\`<video>\` elements contain a \`<track>\` element with \`[kind=\\"captions\\"]\`",
}
`;
