// Jest Snapshot v1, https://goo.gl/fbAQLP

exports[`viewport audit should match snapshot 1`] = `
Object {
  "description": "Add a \`<meta name=\\"viewport\\">\` tag to optimize your app for mobile screens. [Learn more](https://web.dev/viewport/).",
  "title": "Has a \`<meta name=\\"viewport\\">\` tag with \`width\` or \`initial-scale\`",
}
`;
